>>> ParametrizedQPBenchmark (simple_QP_benchmarks.py) [CPP,COO]
>>> SimpleLPBenchmark (simple_LP_benchmarks.py) [RUST,SCIPY,CPP,COO]
>>> SimpleScalarParametrizedLPBenchmark (simple_LP_benchmarks.py) [RUST,SCIPY,CPP,COO]
>>> SimpleFullyParametrizedLPBenchmark (simple_LP_benchmarks.py) [RUST,SCIPY,CPP,COO]
>>> CVaRBenchmark (finance.py) [RUST,SCIPY,CPP,COO]
>>> FactorCovarianceModel (finance.py) [RUST,SCIPY,CPP,COO]
>>> Yitzhaki (gini_portfolio.py) [RUST,SCIPY,CPP,COO]
>>> Murray (gini_portfolio.py) [RUST,SCIPY,CPP,COO]
>>> Cajas (gini_portfolio.py) [RUST,SCIPY,CPP,COO]
>>> ConvexPlasticity (high_dim_convex_plasticity.py) [RUST,SCIPY,CPP,COO]
>>> HuberRegression (huber_regression.py) [RUST,SCIPY,CPP,COO]
>>> QuantumHilbertMatrix (quantum_hilbert_matrix.py) [RUST,SCIPY,CPP,COO]
>>> SDPSegfault1132Benchmark (sdp_segfault_1132_benchmark.py) [RUST,SCIPY,CPP,COO]
>>> OptimalAdvertising (optimal_advertising.py) [RUST,SCIPY,CPP,COO]
>>> SemidefiniteProgramming (semidefinite_programming.py) [RUST,SCIPY,CPP,COO]
>>> SlowPruningBenchmark (slow_pruning_1668_benchmark.py) [RUST,SCIPY,CPP,COO]
>>> SVMWithL1Regularization (svm_l1_regularization.py) [RUST,SCIPY,CPP,COO]
>>> TvInpainting (tv_inpainting.py) [RUST,SCIPY,CPP,COO]
>>> GUARDED ParametrizedQPBenchmark (simple_QP_benchmarks.py) [COO]
>>> GUARDED ParametrizedQPBenchmark (simple_QP_benchmarks.py) [CPP]
!!! killed ParametrizedQPBenchmark [CPP]: RSS > 9 GB
=== resume sweep done Fri Jul  3 13:13:57 PDT 2026 ===
